1. No se puede mapear de arraylist a sql (buscar alternativa)